
> vite-react-typescript-starter@0.0.0 build
> vite build

[36mvite v5.4.8 [32mbuilding for production...[36m[39m
transforming...
node.exe : Browserslist: caniuse-lite is outdated. Please run:
At line:1 char:1
+ & "C:\Program Files\nodejs/node.exe" "C:\Users\bpska\AppData\Roaming\ ...
+ ~~~~~~~~~~~~~~~~~~~~~~~~~~~~~~~~~~~~~~~~~~~~~~~~~~~~~~~~~~~~~~~~~~~~~
    + CategoryInfo          : NotSpecified: (Browserslist: c...ed. Please run::String) [], 
    RemoteException
    + FullyQualifiedErrorId : NativeCommandError
 
  npx update-browserslist-db@latest
  Why you should do it regularly: https://github.com/browserslist/update-db#readme
[32mΓ£ô[39m 36 modules transformed.
[31mx[39m Build failed in 3.77s
[31merror during build:
[31mCould not resolve "./PaymentModal" from "src/pages/BookingPage.tsx"[31m
file: [36mD:/LogiSaar/puri-bliss-booking/client/src/pages/BookingPage.tsx[31m
    at getRollupError (file:///D:/LogiSaar/puri-bliss-booking/client/node_modules/rollup/di
st/es/shared/parseAst.js:395:41)
    at error (file:///D:/LogiSaar/puri-bliss-booking/client/node_modules/rollup/dist/es/sha
red/parseAst.js:391:42)
    at ModuleLoader.handleInvalidResolvedId (file:///D:/LogiSaar/puri-bliss-booking/client/
node_modules/rollup/dist/es/shared/node-entry.js:20006:24)
    at file:///D:/LogiSaar/puri-bliss-booking/client/node_modules/rollup/dist/es/shared/nod
e-entry.js:19966:26[39m
